// Jest Snapshot v1, https://goo.gl/fbAQLP

exports[`App Component test suite it should render 1`] = `
<div>
  <div
    class="ui input"
  >
    <input
      name="shortAnswer"
      type="text"
      value=""
    />
  </div>
</div>
`;
